<?xml version="1.0" encoding="UTF-8"?>
<testsuites name="jest tests" tests="1" failures="0" errors="0" time="0.54">
  <testsuite name="undefined" errors="0" failures="0" skipped="0" timestamp="2025-08-17T14:52:57" time="0.39" tests="1">
    <testcase classname=" adds 1 + 2 to equal 3" name=" adds 1 + 2 to equal 3" time="0.003">
    </testcase>
  </testsuite>
</testsuites>